============================================================
🔍 Trump 'Third Term' 关键词监控系统
============================================================
📜 抓取白宫演讲...
   ➖ 无匹配
📊 抓取 Factbase 社交媒体数据...
   📥 获取到 50 条帖子
   ➖ 无匹配
🔍 搜索最近 Trump 演讲...
   检查 https://www.c-span.org/person/?DonaldTrump...
   检查 https://www.rev.com/blog/transcript-tag/donald-trump-transcripts...
💰 获取 Polymarket 价格...
   ✅ 找到市场: Will Trump Pardon Himself in His First Term?
      YES: $0.00, NO: $1.00
      结束日期: 2021-02-16T00:00:00Z

============================================================
📊 监控报告
============================================================

📅 时间: 2026-03-05T02:10:54.181397
🔍 数据源: 3 个
✅ 有匹配的源: 0 个
📈 本周提及: 0 次
📊 总计提及: 0 次

💰 Polymarket 市场:
   问题: Will Trump Pardon Himself in His First Term?
   YES 价格: $0.00
   NO 价格: $1.00
   成交量: $566,518

💼 持仓状态:
   持仓: 5 shares @ $0.46
   现价: $0.00
   未实现盈亏: 🔴 $-2.30 (-100.0%)

🎯 交易建议:
   🔴 减仓 50% 或止损
   风险等级: HIGH

   📋 理由:
      ⚠️ 本周零提及，论点显著弱化
      💀 距到期 25 天，时间价值快速衰减
      🚨 价格已跌至 $0.00，严重超跌
      ⚡ 要么是市场错误定价（抄底机会），要么是根本性利空
      ⏰ 距到期 25 天，时间压力增加
      💸 当前亏损 100.0%，已触发风险阈值

   ✅ 行动建议:
      • 卖出 2-3 shares，保留 2-3 shares 作为彩票仓位
      • 强烈建议止损，避免继续扩大损失

============================================================

💾 报告已保存: /root/openclaw/skills/intelligence/trump_third_term_report_20260305_021105.json

✅ 监控完成!
📄 完整报告: /root/openclaw/skills/intelligence/trump_third_term_report_20260305_021105.json
