============================================================
🔍 Trump 'Third Term' 关键词监控系统
============================================================
📜 抓取白宫演讲...
   ➖ 无匹配
📊 抓取 Factbase 社交媒体数据...
   📥 获取到 50 条帖子
   ✅ 找到 1 条有匹配的帖子
🔍 搜索最近 Trump 演讲...
   检查 https://www.c-span.org/person/?DonaldTrump...
   检查 https://www.rev.com/blog/transcript-tag/donald-trump-transcripts...
💰 获取 Polymarket 价格...
   ✅ 找到市场: Will Trump Pardon Himself in His First Term?
      YES: $0.00, NO: $1.00
      结束日期: 2021-02-16T00:00:00Z

============================================================
📊 监控报告
============================================================

📅 时间: 2026-03-06T14:07:53.452920
🔍 数据源: 3 个
✅ 有匹配的源: 1 个
📈 本周提及: 1 次
📊 总计提及: 1 次

🔑 热门关键词:
   • \b12 years\b: 1 次

📝 详细匹配:

   factbase_Truth Social:
      • 2026-03-04T19:59:04-05:00: 1 个匹配
        Steve Daines, of Montana, is one of our truly Great United States Senators. He honorably served for ...

💰 Polymarket 市场:
   问题: Will Trump Pardon Himself in His First Term?
   YES 价格: $0.00
   NO 价格: $1.00
   成交量: $566,518

💼 持仓状态:
   持仓: 5 shares @ $0.46
   现价: $0.00
   未实现盈亏: 🔴 $-2.30 (-100.0%)

🎯 交易建议:
   🟡 谨慎持有
   风险等级: MEDIUM

   📋 理由:
      ⚠️ 本周仅 1 次提及，论点偏弱
      ⏰ 距到期 24 天，需密切关注
      🚨 价格已跌至 $0.00，严重超跌
      ⚡ 要么是市场错误定价（抄底机会），要么是根本性利空
      ⏰ 距到期 24 天，时间压力增加
      💸 当前亏损 100.0%，已触发风险阈值

   ✅ 行动建议:
      • 设置止损位: 如跌破 $0.30 则减仓
      • 强烈建议止损，避免继续扩大损失

============================================================

💾 报告已保存: /root/openclaw/skills/intelligence/trump_third_term_report_20260306_140806.json

✅ 监控完成!
📄 完整报告: /root/openclaw/skills/intelligence/trump_third_term_report_20260306_140806.json
